// Jest Snapshot v1, https://goo.gl/fbAQLP

exports[`Pruebas en componente <PrimerApp /> Debe de mostrar <PrimeraApp /> correctamente 1`] = `
<Fragment>
  <h1>
     
    Hola Gustavo
     
  </h1>
  <p />
</Fragment>
`;
